[0m11:55:06.514951 [debug] [MainThread]: Sending event: {'category': 'dbt', 'action': 'invocation', 'label': 'start', 'context': [<snowplow_tracker.self_describing_json.SelfDescribingJson object at 0x7337b4b9f490>, <snowplow_tracker.self_describing_json.SelfDescribingJson object at 0x7337b1d52e50>, <snowplow_tracker.self_describing_json.SelfDescribingJson object at 0x7337b1f41a50>]}


============================== 11:55:06.539453 | 931f791e-13cc-47d2-9240-daf13f5c65d2 ==============================
[0m11:55:06.539453 [info ] [MainThread]: Running with dbt=1.9.3
[0m11:55:06.540738 [debug] [MainThread]: running dbt with arguments {'printer_width': '80', 'indirect_selection': 'eager', 'log_cache_events': 'False', 'write_json': 'True', 'partial_parse': 'True', 'cache_selected_only': 'False', 'profiles_dir': '/home/akilaslinux/.dbt', 'fail_fast': 'False', 'debug': 'False', 'log_path': 'logs', 'version_check': 'True', 'warn_error': 'None', 'use_colors': 'True', 'use_experimental_parser': 'False', 'no_print': 'None', 'quiet': 'False', 'empty': 'None', 'warn_error_options': 'WarnErrorOptions(include=[], exclude=[])', 'invocation_command': 'dbt init', 'introspect': 'True', 'static_parser': 'True', 'target_path': 'None', 'log_format': 'default', 'send_anonymous_usage_stats': 'True'}
[0m11:55:06.558789 [warn ] [MainThread]: [ConfigFolderDirectory]: Unable to parse logging event dictionary. Failed to parse dir field: expected string or bytes-like object, got 'PosixPath'.. Dictionary: {'dir': PosixPath('/home/akilaslinux/.dbt')}
[0m11:55:06.559714 [info ] [MainThread]: Creating dbt configuration folder at 
[0m11:55:56.688656 [debug] [MainThread]: Starter project path: /home/akilaslinux/my_projects/northwind-elt/venv/lib/python3.11/site-packages/dbt/include/starter_project
[0m11:55:56.713126 [info ] [MainThread]: 
Your new dbt project "northwind_traders_elt" was created!

For more information on how to configure the profiles.yml file,
please consult the dbt documentation here:

  https://docs.getdbt.com/docs/configure-your-profile

One more thing:

Need help? Don't hesitate to reach out to us via GitHub issues or on Slack:

  https://community.getdbt.com/

Happy modeling!

[0m11:55:56.714295 [info ] [MainThread]: Setting up your profile.
[0m11:56:09.169627 [debug] [MainThread]: Spark adapter: Setting pyhive.hive logging to ERROR
[0m11:56:09.170792 [debug] [MainThread]: Spark adapter: Setting thrift.transport logging to ERROR
[0m11:56:09.172075 [debug] [MainThread]: Spark adapter: Setting thrift.protocol logging to ERROR
[0m12:18:28.163976 [info ] [MainThread]: Profile northwind_traders_elt written to /home/akilaslinux/.dbt/profiles.yml using target's profile_template.yml and your supplied values. Run 'dbt debug' to validate the connection.
[0m12:18:28.192422 [debug] [MainThread]: Resource report: {"command_name": "init", "command_success": true, "command_wall_clock_time": 1404.0912, "process_in_blocks": "9248", "process_kernel_time": 0.981928, "process_mem_max_rss": "220408", "process_out_blocks": "96", "process_user_time": 5.098137}
[0m12:18:28.210077 [debug] [MainThread]: Command `dbt init` succeeded at 12:18:28.209504 after 1404.11 seconds
[0m12:18:28.213854 [debug] [MainThread]: Sending event: {'category': 'dbt', 'action': 'invocation', 'label': 'end', 'context': [<snowplow_tracker.self_describing_json.SelfDescribingJson object at 0x7337b6317190>, <snowplow_tracker.self_describing_json.SelfDescribingJson object at 0x733799cf4290>, <snowplow_tracker.self_describing_json.SelfDescribingJson object at 0x7337b63ba210>]}
[0m12:18:28.216361 [debug] [MainThread]: Flushing usage events
[0m12:18:29.207177 [debug] [MainThread]: An error was encountered while trying to flush usage events
